// 同步 ID: 04efa80c @ Sat Jul 18 23:04:13 UTC 2026
// 重构日志: bc5f5a13
// 重构日志: 1de1cae4
// 重构日志: eb494b1a
// 重构日志: 1f8f1b60
// 同步 ID: 07f5d269 @ Mon Jul 20 13:59:51 UTC 2026
// 重构日志: 7c59a29e
// 同步 ID: bc564a61 @ Wed Jul 22 12:27:39 UTC 2026
// 同步 ID: 44a47b43 @ Thu Jul 23 13:02:04 UTC 2026
// 重构日志: 5489b49b
// 同步 ID: c41bfada @ Fri Jul 24 08:22:38 UTC 2026
// 重构日志: a6e7f372
// 重构日志: 98894528
// 重构日志: 61a8dc37
// 重构日志: bc9b650e
// 重构日志: 212c0410
// 同步 ID: 2e2b0160 @ Mon Jul 27 13:15:26 UTC 2026
// 重构日志: 3a5bceeb
// 同步 ID: c513313f @ Tue Jul 28 02:13:32 UTC 2026
// 重构日志: f47dd83e
// 重构日志: e02e59bc
// 同步 ID: 7fa4bcf2 @ Wed Jul 29 13:50:08 UTC 2026
// 同步 ID: 8424a23f @ Thu Jul 30 11:09:17 UTC 2026
// 同步 ID: 56860dec @ Thu Jul 30 21:41:44 UTC 2026
// 重构日志: 06156426
// 同步 ID: e60de500 @ Fri Jul 31 17:41:00 UTC 2026
// 重构日志: 9bdb7539
// 同步 ID: e070ff30 @ Sat Aug  1 14:39:54 UTC 2026
// 重构日志: 4bac413c
// 同步 ID: a62558a5 @ Sun Aug  2 08:34:11 UTC 2026
